[2021-05-31T19:59:11.107-0900][gc,heap] Heap region size: 1M
[2021-05-31T19:59:11.116-0900][gc     ] Using G1
[2021-05-31T19:59:11.116-0900][gc,heap,coops] Heap address: 0x00000007c0000000, size: 1024 MB, Compressed Oops mode: Zero based, Oop shift amount: 3
[2021-05-31T19:59:17.045-0900][gc,start     ] GC(0) Pause Young (Concurrent Start) (Metadata GC Threshold)
[2021-05-31T19:59:17.045-0900][gc,task      ] GC(0) Using 8 workers of 8 for evacuation
[2021-05-31T19:59:17.050-0900][gc,phases    ] GC(0)   Pre Evacuate Collection Set: 0.0ms
[2021-05-31T19:59:17.051-0900][gc,phases    ] GC(0)   Evacuate Collection Set: 4.6ms
[2021-05-31T19:59:17.051-0900][gc,phases    ] GC(0)   Post Evacuate Collection Set: 0.5ms
[2021-05-31T19:59:17.051-0900][gc,phases    ] GC(0)   Other: 0.8ms
[2021-05-31T19:59:17.051-0900][gc,heap      ] GC(0) Eden regions: 42->0(44)
[2021-05-31T19:59:17.051-0900][gc,heap      ] GC(0) Survivor regions: 0->7(7)
[2021-05-31T19:59:17.051-0900][gc,heap      ] GC(0) Old regions: 0->0
[2021-05-31T19:59:17.051-0900][gc,heap      ] GC(0) Humongous regions: 0->0
[2021-05-31T19:59:17.051-0900][gc,metaspace ] GC(0) Metaspace: 20695K->20695K(1069056K)
[2021-05-31T19:59:17.051-0900][gc           ] GC(0) Pause Young (Concurrent Start) (Metadata GC Threshold) 41M->6M(1024M) 6.151ms
[2021-05-31T19:59:17.051-0900][gc,cpu       ] GC(0) User=0.02s Sys=0.00s Real=0.01s
[2021-05-31T19:59:17.051-0900][gc           ] GC(1) Concurrent Cycle
[2021-05-31T19:59:17.051-0900][gc,marking   ] GC(1) Concurrent Clear Claimed Marks
[2021-05-31T19:59:17.051-0900][gc,marking   ] GC(1) Concurrent Clear Claimed Marks 0.042ms
[2021-05-31T19:59:17.051-0900][gc,marking   ] GC(1) Concurrent Scan Root Regions
[2021-05-31T19:59:17.053-0900][gc,marking   ] GC(1) Concurrent Scan Root Regions 2.157ms
[2021-05-31T19:59:17.053-0900][gc,marking   ] GC(1) Concurrent Mark (5.955s)
[2021-05-31T19:59:17.053-0900][gc,marking   ] GC(1) Concurrent Mark From Roots
[2021-05-31T19:59:17.053-0900][gc,task      ] GC(1) Using 2 workers of 2 for marking
[2021-05-31T19:59:17.053-0900][gc,marking   ] GC(1) Concurrent Mark From Roots 0.147ms
[2021-05-31T19:59:17.053-0900][gc,marking   ] GC(1) Concurrent Preclean
[2021-05-31T19:59:17.053-0900][gc,marking   ] GC(1) Concurrent Preclean 0.026ms
[2021-05-31T19:59:17.053-0900][gc,marking   ] GC(1) Concurrent Mark (5.955s, 5.955s) 0.231ms
[2021-05-31T19:59:17.053-0900][gc,start     ] GC(1) Pause Remark
[2021-05-31T19:59:17.055-0900][gc,stringtable] GC(1) Cleaned string and symbol table, strings: 7230 processed, 0 removed, symbols: 63467 processed, 32 removed
[2021-05-31T19:59:17.055-0900][gc            ] GC(1) Pause Remark 7M->7M(1024M) 1.474ms
[2021-05-31T19:59:17.055-0900][gc,cpu        ] GC(1) User=0.01s Sys=0.00s Real=0.00s
[2021-05-31T19:59:17.055-0900][gc,marking    ] GC(1) Concurrent Rebuild Remembered Sets
[2021-05-31T19:59:17.055-0900][gc,marking    ] GC(1) Concurrent Rebuild Remembered Sets 0.039ms
[2021-05-31T19:59:17.055-0900][gc,start      ] GC(1) Pause Cleanup
[2021-05-31T19:59:17.055-0900][gc            ] GC(1) Pause Cleanup 7M->7M(1024M) 0.166ms
[2021-05-31T19:59:17.055-0900][gc,cpu        ] GC(1) User=0.00s Sys=0.00s Real=0.00s
[2021-05-31T19:59:17.055-0900][gc,marking    ] GC(1) Concurrent Cleanup for Next Mark
[2021-05-31T19:59:17.060-0900][gc,marking    ] GC(1) Concurrent Cleanup for Next Mark 4.721ms
[2021-05-31T19:59:17.060-0900][gc            ] GC(1) Concurrent Cycle 9.311ms
[2021-05-31T19:59:18.217-0900][gc,start      ] GC(2) Pause Young (Normal) (G1 Evacuation Pause)
[2021-05-31T19:59:18.217-0900][gc,task       ] GC(2) Using 8 workers of 8 for evacuation
[2021-05-31T19:59:18.226-0900][gc,phases     ] GC(2)   Pre Evacuate Collection Set: 0.0ms
[2021-05-31T19:59:18.226-0900][gc,phases     ] GC(2)   Evacuate Collection Set: 7.6ms
[2021-05-31T19:59:18.226-0900][gc,phases     ] GC(2)   Post Evacuate Collection Set: 0.5ms
[2021-05-31T19:59:18.226-0900][gc,phases     ] GC(2)   Other: 0.2ms
[2021-05-31T19:59:18.226-0900][gc,heap       ] GC(2) Eden regions: 44->0(49)
[2021-05-31T19:59:18.226-0900][gc,heap       ] GC(2) Survivor regions: 7->2(7)
[2021-05-31T19:59:18.226-0900][gc,heap       ] GC(2) Old regions: 0->7
[2021-05-31T19:59:18.226-0900][gc,heap       ] GC(2) Humongous regions: 0->0
[2021-05-31T19:59:18.226-0900][gc,metaspace  ] GC(2) Metaspace: 30265K->30265K(1077248K)
[2021-05-31T19:59:18.226-0900][gc            ] GC(2) Pause Young (Normal) (G1 Evacuation Pause) 50M->8M(1024M) 8.609ms
[2021-05-31T19:59:18.226-0900][gc,cpu        ] GC(2) User=0.04s Sys=0.01s Real=0.01s
[2021-05-31T19:59:18.839-0900][gc,start      ] GC(3) Pause Young (Concurrent Start) (Metadata GC Threshold)
[2021-05-31T19:59:18.839-0900][gc,task       ] GC(3) Using 8 workers of 8 for evacuation
[2021-05-31T19:59:18.842-0900][gc,phases     ] GC(3)   Pre Evacuate Collection Set: 0.1ms
[2021-05-31T19:59:18.842-0900][gc,phases     ] GC(3)   Evacuate Collection Set: 2.7ms
[2021-05-31T19:59:18.842-0900][gc,phases     ] GC(3)   Post Evacuate Collection Set: 0.2ms
[2021-05-31T19:59:18.843-0900][gc,phases     ] GC(3)   Other: 0.1ms
[2021-05-31T19:59:18.843-0900][gc,heap       ] GC(3) Eden regions: 27->0(47)
[2021-05-31T19:59:18.843-0900][gc,heap       ] GC(3) Survivor regions: 2->4(7)
[2021-05-31T19:59:18.843-0900][gc,heap       ] GC(3) Old regions: 7->7
[2021-05-31T19:59:18.843-0900][gc,heap       ] GC(3) Humongous regions: 129->129
[2021-05-31T19:59:18.843-0900][gc,metaspace  ] GC(3) Metaspace: 34595K->34595K(1081344K)
[2021-05-31T19:59:18.843-0900][gc            ] GC(3) Pause Young (Concurrent Start) (Metadata GC Threshold) 164M->139M(1024M) 3.237ms
[2021-05-31T19:59:18.843-0900][gc,cpu        ] GC(3) User=0.02s Sys=0.00s Real=0.01s
[2021-05-31T19:59:18.843-0900][gc            ] GC(4) Concurrent Cycle
[2021-05-31T19:59:18.843-0900][gc,marking    ] GC(4) Concurrent Clear Claimed Marks
[2021-05-31T19:59:18.843-0900][gc,marking    ] GC(4) Concurrent Clear Claimed Marks 0.048ms
[2021-05-31T19:59:18.843-0900][gc,marking    ] GC(4) Concurrent Scan Root Regions
[2021-05-31T19:59:18.844-0900][gc,marking    ] GC(4) Concurrent Scan Root Regions 1.178ms
[2021-05-31T19:59:18.844-0900][gc,marking    ] GC(4) Concurrent Mark (7.745s)
[2021-05-31T19:59:18.844-0900][gc,marking    ] GC(4) Concurrent Mark From Roots
[2021-05-31T19:59:18.844-0900][gc,task       ] GC(4) Using 2 workers of 2 for marking
[2021-05-31T19:59:18.847-0900][gc,marking    ] GC(4) Concurrent Mark From Roots 3.246ms
[2021-05-31T19:59:18.847-0900][gc,marking    ] GC(4) Concurrent Preclean
[2021-05-31T19:59:18.847-0900][gc,marking    ] GC(4) Concurrent Preclean 0.046ms
[2021-05-31T19:59:18.847-0900][gc,marking    ] GC(4) Concurrent Mark (7.745s, 7.749s) 3.342ms
[2021-05-31T19:59:18.847-0900][gc,start      ] GC(4) Pause Remark
[2021-05-31T19:59:18.850-0900][gc,stringtable] GC(4) Cleaned string and symbol table, strings: 11145 processed, 9 removed, symbols: 94476 processed, 22 removed
[2021-05-31T19:59:18.850-0900][gc            ] GC(4) Pause Remark 139M->139M(1024M) 2.723ms
[2021-05-31T19:59:18.850-0900][gc,cpu        ] GC(4) User=0.02s Sys=0.00s Real=0.01s
[2021-05-31T19:59:18.850-0900][gc,marking    ] GC(4) Concurrent Rebuild Remembered Sets
[2021-05-31T19:59:18.853-0900][gc,marking    ] GC(4) Concurrent Rebuild Remembered Sets 2.793ms
[2021-05-31T19:59:18.853-0900][gc,start      ] GC(4) Pause Cleanup
[2021-05-31T19:59:18.853-0900][gc            ] GC(4) Pause Cleanup 140M->140M(1024M) 0.124ms
[2021-05-31T19:59:18.853-0900][gc,cpu        ] GC(4) User=0.00s Sys=0.00s Real=0.00s
[2021-05-31T19:59:18.853-0900][gc,marking    ] GC(4) Concurrent Cleanup for Next Mark
[2021-05-31T19:59:18.858-0900][gc,marking    ] GC(4) Concurrent Cleanup for Next Mark 4.595ms
[2021-05-31T19:59:18.858-0900][gc            ] GC(4) Concurrent Cycle 15.304ms
[2021-05-31T19:59:19.501-0900][gc,start      ] GC(5) Pause Young (Normal) (G1 Evacuation Pause)
[2021-05-31T19:59:19.501-0900][gc,task       ] GC(5) Using 8 workers of 8 for evacuation
[2021-05-31T19:59:19.507-0900][gc,phases     ] GC(5)   Pre Evacuate Collection Set: 0.0ms
[2021-05-31T19:59:19.507-0900][gc,phases     ] GC(5)   Evacuate Collection Set: 5.6ms
[2021-05-31T19:59:19.507-0900][gc,phases     ] GC(5)   Post Evacuate Collection Set: 0.5ms
[2021-05-31T19:59:19.507-0900][gc,phases     ] GC(5)   Other: 0.2ms
[2021-05-31T19:59:19.507-0900][gc,heap       ] GC(5) Eden regions: 47->0(44)
[2021-05-31T19:59:19.507-0900][gc,heap       ] GC(5) Survivor regions: 4->7(7)
[2021-05-31T19:59:19.507-0900][gc,heap       ] GC(5) Old regions: 7->7
[2021-05-31T19:59:19.507-0900][gc,heap       ] GC(5) Humongous regions: 129->129
[2021-05-31T19:59:19.507-0900][gc,metaspace  ] GC(5) Metaspace: 43190K->43190K(1089536K)
[2021-05-31T19:59:19.507-0900][gc            ] GC(5) Pause Young (Normal) (G1 Evacuation Pause) 186M->142M(1024M) 6.431ms
[2021-05-31T19:59:19.507-0900][gc,cpu        ] GC(5) User=0.04s Sys=0.00s Real=0.00s
[2021-05-31T20:01:01.261-0900][gc,start      ] GC(6) Pause Young (Normal) (G1 Evacuation Pause)
[2021-05-31T20:01:01.261-0900][gc,task       ] GC(6) Using 8 workers of 8 for evacuation
[2021-05-31T20:01:01.269-0900][gc,phases     ] GC(6)   Pre Evacuate Collection Set: 0.1ms
[2021-05-31T20:01:01.269-0900][gc,phases     ] GC(6)   Evacuate Collection Set: 6.9ms
[2021-05-31T20:01:01.269-0900][gc,phases     ] GC(6)   Post Evacuate Collection Set: 0.6ms
[2021-05-31T20:01:01.269-0900][gc,phases     ] GC(6)   Other: 0.2ms
[2021-05-31T20:01:01.269-0900][gc,heap       ] GC(6) Eden regions: 44->0(48)
[2021-05-31T20:01:01.269-0900][gc,heap       ] GC(6) Survivor regions: 7->3(7)
[2021-05-31T20:01:01.269-0900][gc,heap       ] GC(6) Old regions: 7->14
[2021-05-31T20:01:01.269-0900][gc,heap       ] GC(6) Humongous regions: 135->129
[2021-05-31T20:01:01.269-0900][gc,metaspace  ] GC(6) Metaspace: 49279K->49279K(1093632K)
[2021-05-31T20:01:01.269-0900][gc            ] GC(6) Pause Young (Normal) (G1 Evacuation Pause) 192M->145M(1024M) 7.957ms
[2021-05-31T20:01:01.269-0900][gc,cpu        ] GC(6) User=0.04s Sys=0.01s Real=0.00s
[2021-05-31T20:04:36.964-0900][gc,start      ] GC(7) Pause Young (Normal) (G1 Evacuation Pause)
[2021-05-31T20:04:36.964-0900][gc,task       ] GC(7) Using 8 workers of 8 for evacuation
[2021-05-31T20:04:36.969-0900][gc,phases     ] GC(7)   Pre Evacuate Collection Set: 0.0ms
[2021-05-31T20:04:36.969-0900][gc,phases     ] GC(7)   Evacuate Collection Set: 3.9ms
[2021-05-31T20:04:36.969-0900][gc,phases     ] GC(7)   Post Evacuate Collection Set: 0.6ms
[2021-05-31T20:04:36.969-0900][gc,phases     ] GC(7)   Other: 0.3ms
[2021-05-31T20:04:36.969-0900][gc,heap       ] GC(7) Eden regions: 48->0(46)
[2021-05-31T20:04:36.969-0900][gc,heap       ] GC(7) Survivor regions: 3->5(7)
[2021-05-31T20:04:36.969-0900][gc,heap       ] GC(7) Old regions: 14->14
[2021-05-31T20:04:36.969-0900][gc,heap       ] GC(7) Humongous regions: 129->129
[2021-05-31T20:04:36.969-0900][gc,metaspace  ] GC(7) Metaspace: 50336K->50336K(1095680K)
[2021-05-31T20:04:36.969-0900][gc            ] GC(7) Pause Young (Normal) (G1 Evacuation Pause) 193M->146M(1024M) 4.930ms
[2021-05-31T20:04:36.969-0900][gc,cpu        ] GC(7) User=0.03s Sys=0.00s Real=0.00s
[2021-05-31T20:07:45.876-0900][gc,start      ] GC(8) Pause Young (Normal) (G1 Evacuation Pause)
[2021-05-31T20:07:45.877-0900][gc,task       ] GC(8) Using 8 workers of 8 for evacuation
[2021-05-31T20:07:45.886-0900][gc,phases     ] GC(8)   Pre Evacuate Collection Set: 0.0ms
[2021-05-31T20:07:45.886-0900][gc,phases     ] GC(8)   Evacuate Collection Set: 8.1ms
[2021-05-31T20:07:45.886-0900][gc,phases     ] GC(8)   Post Evacuate Collection Set: 0.6ms
[2021-05-31T20:07:45.886-0900][gc,phases     ] GC(8)   Other: 1.2ms
[2021-05-31T20:07:45.886-0900][gc,heap       ] GC(8) Eden regions: 46->0(47)
[2021-05-31T20:07:45.886-0900][gc,heap       ] GC(8) Survivor regions: 5->4(7)
[2021-05-31T20:07:45.886-0900][gc,heap       ] GC(8) Old regions: 14->16
[2021-05-31T20:07:45.886-0900][gc,heap       ] GC(8) Humongous regions: 129->129
[2021-05-31T20:07:45.886-0900][gc,metaspace  ] GC(8) Metaspace: 50539K->50539K(1095680K)
[2021-05-31T20:07:45.886-0900][gc            ] GC(8) Pause Young (Normal) (G1 Evacuation Pause) 192M->147M(1024M) 10.088ms
[2021-05-31T20:07:45.886-0900][gc,cpu        ] GC(8) User=0.05s Sys=0.00s Real=0.01s
[2021-05-31T20:11:02.461-0900][gc,start      ] GC(9) Pause Young (Normal) (G1 Evacuation Pause)
[2021-05-31T20:11:02.462-0900][gc,task       ] GC(9) Using 8 workers of 8 for evacuation
[2021-05-31T20:11:02.466-0900][gc,phases     ] GC(9)   Pre Evacuate Collection Set: 0.0ms
[2021-05-31T20:11:02.466-0900][gc,phases     ] GC(9)   Evacuate Collection Set: 3.3ms
[2021-05-31T20:11:02.466-0900][gc,phases     ] GC(9)   Post Evacuate Collection Set: 0.3ms
[2021-05-31T20:11:02.466-0900][gc,phases     ] GC(9)   Other: 1.1ms
[2021-05-31T20:11:02.466-0900][gc,heap       ] GC(9) Eden regions: 47->0(47)
[2021-05-31T20:11:02.466-0900][gc,heap       ] GC(9) Survivor regions: 4->4(7)
[2021-05-31T20:11:02.466-0900][gc,heap       ] GC(9) Old regions: 16->16
[2021-05-31T20:11:02.466-0900][gc,heap       ] GC(9) Humongous regions: 129->129
[2021-05-31T20:11:02.466-0900][gc,metaspace  ] GC(9) Metaspace: 50674K->50674K(1095680K)
[2021-05-31T20:11:02.466-0900][gc            ] GC(9) Pause Young (Normal) (G1 Evacuation Pause) 194M->147M(1024M) 4.799ms
[2021-05-31T20:11:02.466-0900][gc,cpu        ] GC(9) User=0.03s Sys=0.00s Real=0.00s
[2021-05-31T20:14:26.706-0900][gc,start      ] GC(10) Pause Young (Normal) (G1 Evacuation Pause)
[2021-05-31T20:14:26.707-0900][gc,task       ] GC(10) Using 8 workers of 8 for evacuation
[2021-05-31T20:14:26.716-0900][gc,phases     ] GC(10)   Pre Evacuate Collection Set: 0.0ms
[2021-05-31T20:14:26.716-0900][gc,phases     ] GC(10)   Evacuate Collection Set: 8.2ms
[2021-05-31T20:14:26.716-0900][gc,phases     ] GC(10)   Post Evacuate Collection Set: 0.5ms
[2021-05-31T20:14:26.716-0900][gc,phases     ] GC(10)   Other: 1.7ms
[2021-05-31T20:14:26.716-0900][gc,heap       ] GC(10) Eden regions: 47->0(49)
[2021-05-31T20:14:26.716-0900][gc,heap       ] GC(10) Survivor regions: 4->6(7)
[2021-05-31T20:14:26.716-0900][gc,heap       ] GC(10) Old regions: 16->16
[2021-05-31T20:14:26.716-0900][gc,heap       ] GC(10) Humongous regions: 129->129
[2021-05-31T20:14:26.717-0900][gc,metaspace  ] GC(10) Metaspace: 50693K->50693K(1095680K)
[2021-05-31T20:14:26.717-0900][gc            ] GC(10) Pause Young (Normal) (G1 Evacuation Pause) 194M->149M(1024M) 10.719ms
[2021-05-31T20:14:26.717-0900][gc,cpu        ] GC(10) User=0.06s Sys=0.00s Real=0.01s
[2021-05-31T20:18:03.414-0900][gc,start      ] GC(11) Pause Young (Normal) (G1 Evacuation Pause)
[2021-05-31T20:18:03.415-0900][gc,task       ] GC(11) Using 8 workers of 8 for evacuation
[2021-05-31T20:18:03.422-0900][gc,phases     ] GC(11)   Pre Evacuate Collection Set: 0.0ms
[2021-05-31T20:18:03.422-0900][gc,phases     ] GC(11)   Evacuate Collection Set: 6.2ms
[2021-05-31T20:18:03.422-0900][gc,phases     ] GC(11)   Post Evacuate Collection Set: 0.3ms
[2021-05-31T20:18:03.422-0900][gc,phases     ] GC(11)   Other: 0.8ms
[2021-05-31T20:18:03.422-0900][gc,heap       ] GC(11) Eden regions: 49->0(57)
[2021-05-31T20:18:03.422-0900][gc,heap       ] GC(11) Survivor regions: 6->4(7)
[2021-05-31T20:18:03.422-0900][gc,heap       ] GC(11) Old regions: 16->18
[2021-05-31T20:18:03.422-0900][gc,heap       ] GC(11) Humongous regions: 129->129
[2021-05-31T20:18:03.422-0900][gc,metaspace  ] GC(11) Metaspace: 50745K->50745K(1095680K)
[2021-05-31T20:18:03.422-0900][gc            ] GC(11) Pause Young (Normal) (G1 Evacuation Pause) 198M->150M(1024M) 7.527ms
[2021-05-31T20:18:03.422-0900][gc,cpu        ] GC(11) User=0.04s Sys=0.00s Real=0.01s
[2021-05-31T20:22:14.910-0900][gc,start      ] GC(12) Pause Young (Normal) (G1 Evacuation Pause)
[2021-05-31T20:22:14.910-0900][gc,task       ] GC(12) Using 8 workers of 8 for evacuation
[2021-05-31T20:22:14.918-0900][gc,phases     ] GC(12)   Pre Evacuate Collection Set: 0.0ms
[2021-05-31T20:22:14.918-0900][gc,phases     ] GC(12)   Evacuate Collection Set: 6.9ms
[2021-05-31T20:22:14.918-0900][gc,phases     ] GC(12)   Post Evacuate Collection Set: 0.3ms
[2021-05-31T20:22:14.918-0900][gc,phases     ] GC(12)   Other: 1.1ms
[2021-05-31T20:22:14.918-0900][gc,heap       ] GC(12) Eden regions: 57->0(67)
[2021-05-31T20:22:14.918-0900][gc,heap       ] GC(12) Survivor regions: 4->7(8)
[2021-05-31T20:22:14.918-0900][gc,heap       ] GC(12) Old regions: 18->18
[2021-05-31T20:22:14.918-0900][gc,heap       ] GC(12) Humongous regions: 129->129
[2021-05-31T20:22:14.918-0900][gc,metaspace  ] GC(12) Metaspace: 50782K->50782K(1095680K)
[2021-05-31T20:22:14.918-0900][gc            ] GC(12) Pause Young (Normal) (G1 Evacuation Pause) 207M->153M(1024M) 8.537ms
[2021-05-31T20:22:14.918-0900][gc,cpu        ] GC(12) User=0.05s Sys=0.01s Real=0.00s
[2021-05-31T20:26:42.553-0900][gc,start      ] GC(13) Pause Young (Normal) (G1 Evacuation Pause)
[2021-05-31T20:26:42.554-0900][gc,task       ] GC(13) Using 8 workers of 8 for evacuation
[2021-05-31T20:26:42.568-0900][gc,phases     ] GC(13)   Pre Evacuate Collection Set: 0.0ms
[2021-05-31T20:26:42.568-0900][gc,phases     ] GC(13)   Evacuate Collection Set: 13.8ms
[2021-05-31T20:26:42.569-0900][gc,phases     ] GC(13)   Post Evacuate Collection Set: 0.4ms
[2021-05-31T20:26:42.569-0900][gc,phases     ] GC(13)   Other: 1.3ms
[2021-05-31T20:26:42.569-0900][gc,heap       ] GC(13) Eden regions: 67->0(76)
[2021-05-31T20:26:42.569-0900][gc,heap       ] GC(13) Survivor regions: 7->8(10)
[2021-05-31T20:26:42.569-0900][gc,heap       ] GC(13) Old regions: 18->20
[2021-05-31T20:26:42.569-0900][gc,heap       ] GC(13) Humongous regions: 129->129
[2021-05-31T20:26:42.569-0900][gc,metaspace  ] GC(13) Metaspace: 50959K->50959K(1095680K)
[2021-05-31T20:26:42.569-0900][gc            ] GC(13) Pause Young (Normal) (G1 Evacuation Pause) 220M->156M(1024M) 15.687ms
[2021-05-31T20:26:42.569-0900][gc,cpu        ] GC(13) User=0.08s Sys=0.02s Real=0.01s
[2021-05-31T20:31:43.359-0900][gc,start      ] GC(14) Pause Young (Normal) (G1 Evacuation Pause)
[2021-05-31T20:31:43.359-0900][gc,task       ] GC(14) Using 8 workers of 8 for evacuation
[2021-05-31T20:31:43.374-0900][gc,phases     ] GC(14)   Pre Evacuate Collection Set: 0.0ms
[2021-05-31T20:31:43.374-0900][gc,phases     ] GC(14)   Evacuate Collection Set: 13.6ms
[2021-05-31T20:31:43.374-0900][gc,phases     ] GC(14)   Post Evacuate Collection Set: 0.4ms
[2021-05-31T20:31:43.374-0900][gc,phases     ] GC(14)   Other: 1.2ms
[2021-05-31T20:31:43.374-0900][gc,heap       ] GC(14) Eden regions: 76->0(75)
[2021-05-31T20:31:43.374-0900][gc,heap       ] GC(14) Survivor regions: 8->9(11)
[2021-05-31T20:31:43.374-0900][gc,heap       ] GC(14) Old regions: 20->23
[2021-05-31T20:31:43.374-0900][gc,heap       ] GC(14) Humongous regions: 129->129
[2021-05-31T20:31:43.374-0900][gc,metaspace  ] GC(14) Metaspace: 51011K->51011K(1095680K)
[2021-05-31T20:31:43.374-0900][gc            ] GC(14) Pause Young (Normal) (G1 Evacuation Pause) 232M->160M(1024M) 15.652ms
[2021-05-31T20:31:43.374-0900][gc,cpu        ] GC(14) User=0.08s Sys=0.01s Real=0.02s
[2021-05-31T20:37:15.058-0900][gc,start      ] GC(15) Pause Young (Normal) (G1 Evacuation Pause)
[2021-05-31T20:37:15.059-0900][gc,task       ] GC(15) Using 8 workers of 8 for evacuation
[2021-05-31T20:37:15.075-0900][gc,phases     ] GC(15)   Pre Evacuate Collection Set: 0.0ms
[2021-05-31T20:37:15.075-0900][gc,phases     ] GC(15)   Evacuate Collection Set: 15.1ms
[2021-05-31T20:37:15.075-0900][gc,phases     ] GC(15)   Post Evacuate Collection Set: 0.4ms
[2021-05-31T20:37:15.075-0900][gc,phases     ] GC(15)   Other: 1.3ms
[2021-05-31T20:37:15.075-0900][gc,heap       ] GC(15) Eden regions: 75->0(75)
[2021-05-31T20:37:15.075-0900][gc,heap       ] GC(15) Survivor regions: 9->11(11)
[2021-05-31T20:37:15.075-0900][gc,heap       ] GC(15) Old regions: 23->27
[2021-05-31T20:37:15.075-0900][gc,heap       ] GC(15) Humongous regions: 129->129
[2021-05-31T20:37:15.075-0900][gc,metaspace  ] GC(15) Metaspace: 51026K->51026K(1095680K)
[2021-05-31T20:37:15.075-0900][gc            ] GC(15) Pause Young (Normal) (G1 Evacuation Pause) 235M->166M(1024M) 16.987ms
[2021-05-31T20:37:15.075-0900][gc,cpu        ] GC(15) User=0.11s Sys=0.01s Real=0.02s
[2021-05-31T20:42:45.348-0900][gc,start      ] GC(16) Pause Young (Normal) (G1 Evacuation Pause)
[2021-05-31T20:42:45.349-0900][gc,task       ] GC(16) Using 8 workers of 8 for evacuation
[2021-05-31T20:42:45.359-0900][gc,phases     ] GC(16)   Pre Evacuate Collection Set: 0.0ms
[2021-05-31T20:42:45.359-0900][gc,phases     ] GC(16)   Evacuate Collection Set: 9.4ms
[2021-05-31T20:42:45.359-0900][gc,phases     ] GC(16)   Post Evacuate Collection Set: 0.3ms
[2021-05-31T20:42:45.359-0900][gc,phases     ] GC(16)   Other: 1.0ms
[2021-05-31T20:42:45.359-0900][gc,heap       ] GC(16) Eden regions: 75->0(83)
[2021-05-31T20:42:45.359-0900][gc,heap       ] GC(16) Survivor regions: 11->6(11)
[2021-05-31T20:42:45.359-0900][gc,heap       ] GC(16) Old regions: 27->36
[2021-05-31T20:42:45.359-0900][gc,heap       ] GC(16) Humongous regions: 129->129
[2021-05-31T20:42:45.359-0900][gc,metaspace  ] GC(16) Metaspace: 51081K->51081K(1095680K)
[2021-05-31T20:42:45.359-0900][gc            ] GC(16) Pause Young (Normal) (G1 Evacuation Pause) 241M->170M(1024M) 10.950ms
[2021-05-31T20:42:45.359-0900][gc,cpu        ] GC(16) User=0.06s Sys=0.01s Real=0.01s
[2021-05-31T20:48:49.721-0900][gc,start      ] GC(17) Pause Young (Normal) (G1 Evacuation Pause)
[2021-05-31T20:48:49.721-0900][gc,task       ] GC(17) Using 8 workers of 8 for evacuation
[2021-05-31T20:48:49.729-0900][gc,phases     ] GC(17)   Pre Evacuate Collection Set: 0.0ms
[2021-05-31T20:48:49.729-0900][gc,phases     ] GC(17)   Evacuate Collection Set: 6.6ms
[2021-05-31T20:48:49.729-0900][gc,phases     ] GC(17)   Post Evacuate Collection Set: 0.2ms
[2021-05-31T20:48:49.729-0900][gc,phases     ] GC(17)   Other: 1.1ms
[2021-05-31T20:48:49.729-0900][gc,heap       ] GC(17) Eden regions: 83->0(89)
[2021-05-31T20:48:49.729-0900][gc,heap       ] GC(17) Survivor regions: 6->10(12)
[2021-05-31T20:48:49.729-0900][gc,heap       ] GC(17) Old regions: 36->36
[2021-05-31T20:48:49.729-0900][gc,heap       ] GC(17) Humongous regions: 129->129
[2021-05-31T20:48:49.729-0900][gc,metaspace  ] GC(17) Metaspace: 51094K->51094K(1095680K)
[2021-05-31T20:48:49.729-0900][gc            ] GC(17) Pause Young (Normal) (G1 Evacuation Pause) 253M->173M(1024M) 8.073ms
[2021-05-31T20:48:49.729-0900][gc,cpu        ] GC(17) User=0.05s Sys=0.01s Real=0.00s
