[2021-05-31T19:44:35.436-0900][gc,heap] Heap region size: 1M
[2021-05-31T19:44:35.444-0900][gc     ] Using G1
[2021-05-31T19:44:35.444-0900][gc,heap,coops] Heap address: 0x00000007c0000000, size: 1024 MB, Compressed Oops mode: Zero based, Oop shift amount: 3
[2021-05-31T19:44:41.381-0900][gc,start     ] GC(0) Pause Young (Concurrent Start) (Metadata GC Threshold)
[2021-05-31T19:44:41.381-0900][gc,task      ] GC(0) Using 8 workers of 8 for evacuation
[2021-05-31T19:44:41.388-0900][gc,phases    ] GC(0)   Pre Evacuate Collection Set: 0.0ms
[2021-05-31T19:44:41.388-0900][gc,phases    ] GC(0)   Evacuate Collection Set: 5.9ms
[2021-05-31T19:44:41.388-0900][gc,phases    ] GC(0)   Post Evacuate Collection Set: 0.5ms
[2021-05-31T19:44:41.388-0900][gc,phases    ] GC(0)   Other: 0.7ms
[2021-05-31T19:44:41.388-0900][gc,heap      ] GC(0) Eden regions: 42->0(44)
[2021-05-31T19:44:41.388-0900][gc,heap      ] GC(0) Survivor regions: 0->7(7)
[2021-05-31T19:44:41.388-0900][gc,heap      ] GC(0) Old regions: 0->0
[2021-05-31T19:44:41.388-0900][gc,heap      ] GC(0) Humongous regions: 0->0
[2021-05-31T19:44:41.388-0900][gc,metaspace ] GC(0) Metaspace: 20678K->20678K(1069056K)
[2021-05-31T19:44:41.388-0900][gc           ] GC(0) Pause Young (Concurrent Start) (Metadata GC Threshold) 41M->6M(1024M) 7.299ms
[2021-05-31T19:44:41.388-0900][gc,cpu       ] GC(0) User=0.02s Sys=0.01s Real=0.00s
[2021-05-31T19:44:41.388-0900][gc           ] GC(1) Concurrent Cycle
[2021-05-31T19:44:41.388-0900][gc,marking   ] GC(1) Concurrent Clear Claimed Marks
[2021-05-31T19:44:41.388-0900][gc,marking   ] GC(1) Concurrent Clear Claimed Marks 0.033ms
[2021-05-31T19:44:41.388-0900][gc,marking   ] GC(1) Concurrent Scan Root Regions
[2021-05-31T19:44:41.390-0900][gc,marking   ] GC(1) Concurrent Scan Root Regions 1.447ms
[2021-05-31T19:44:41.390-0900][gc,marking   ] GC(1) Concurrent Mark (5.962s)
[2021-05-31T19:44:41.390-0900][gc,marking   ] GC(1) Concurrent Mark From Roots
[2021-05-31T19:44:41.390-0900][gc,task      ] GC(1) Using 2 workers of 2 for marking
[2021-05-31T19:44:41.390-0900][gc,marking   ] GC(1) Concurrent Mark From Roots 0.165ms
[2021-05-31T19:44:41.390-0900][gc,marking   ] GC(1) Concurrent Preclean
[2021-05-31T19:44:41.390-0900][gc,marking   ] GC(1) Concurrent Preclean 0.026ms
[2021-05-31T19:44:41.390-0900][gc,marking   ] GC(1) Concurrent Mark (5.962s, 5.962s) 0.320ms
[2021-05-31T19:44:41.390-0900][gc,start     ] GC(1) Pause Remark
[2021-05-31T19:44:41.391-0900][gc,stringtable] GC(1) Cleaned string and symbol table, strings: 7237 processed, 0 removed, symbols: 63473 processed, 32 removed
[2021-05-31T19:44:41.392-0900][gc            ] GC(1) Pause Remark 7M->7M(1024M) 1.532ms
[2021-05-31T19:44:41.392-0900][gc,cpu        ] GC(1) User=0.01s Sys=0.00s Real=0.00s
[2021-05-31T19:44:41.392-0900][gc,marking    ] GC(1) Concurrent Rebuild Remembered Sets
[2021-05-31T19:44:41.392-0900][gc,marking    ] GC(1) Concurrent Rebuild Remembered Sets 0.123ms
[2021-05-31T19:44:41.392-0900][gc,start      ] GC(1) Pause Cleanup
[2021-05-31T19:44:41.392-0900][gc            ] GC(1) Pause Cleanup 7M->7M(1024M) 0.162ms
[2021-05-31T19:44:41.392-0900][gc,cpu        ] GC(1) User=0.00s Sys=0.00s Real=0.00s
[2021-05-31T19:44:41.392-0900][gc,marking    ] GC(1) Concurrent Cleanup for Next Mark
[2021-05-31T19:44:41.397-0900][gc,marking    ] GC(1) Concurrent Cleanup for Next Mark 4.548ms
[2021-05-31T19:44:41.397-0900][gc            ] GC(1) Concurrent Cycle 8.950ms
[2021-05-31T19:44:42.836-0900][gc,start      ] GC(2) Pause Young (Normal) (G1 Evacuation Pause)
[2021-05-31T19:44:42.836-0900][gc,task       ] GC(2) Using 8 workers of 8 for evacuation
[2021-05-31T19:44:42.844-0900][gc,phases     ] GC(2)   Pre Evacuate Collection Set: 0.0ms
[2021-05-31T19:44:42.845-0900][gc,phases     ] GC(2)   Evacuate Collection Set: 8.0ms
[2021-05-31T19:44:42.845-0900][gc,phases     ] GC(2)   Post Evacuate Collection Set: 0.7ms
[2021-05-31T19:44:42.845-0900][gc,phases     ] GC(2)   Other: 0.1ms
[2021-05-31T19:44:42.845-0900][gc,heap       ] GC(2) Eden regions: 44->0(48)
[2021-05-31T19:44:42.845-0900][gc,heap       ] GC(2) Survivor regions: 7->3(7)
[2021-05-31T19:44:42.845-0900][gc,heap       ] GC(2) Old regions: 0->7
[2021-05-31T19:44:42.845-0900][gc,heap       ] GC(2) Humongous regions: 129->129
[2021-05-31T19:44:42.845-0900][gc,metaspace  ] GC(2) Metaspace: 30559K->30559K(1077248K)
[2021-05-31T19:44:42.845-0900][gc            ] GC(2) Pause Young (Normal) (G1 Evacuation Pause) 179M->137M(1024M) 8.949ms
[2021-05-31T19:44:42.845-0900][gc,cpu        ] GC(2) User=0.04s Sys=0.01s Real=0.01s
[2021-05-31T19:44:43.176-0900][gc,start      ] GC(3) Pause Young (Concurrent Start) (Metadata GC Threshold)
[2021-05-31T19:44:43.176-0900][gc,task       ] GC(3) Using 8 workers of 8 for evacuation
[2021-05-31T19:44:43.180-0900][gc,phases     ] GC(3)   Pre Evacuate Collection Set: 0.1ms
[2021-05-31T19:44:43.180-0900][gc,phases     ] GC(3)   Evacuate Collection Set: 3.6ms
[2021-05-31T19:44:43.180-0900][gc,phases     ] GC(3)   Post Evacuate Collection Set: 0.3ms
[2021-05-31T19:44:43.180-0900][gc,phases     ] GC(3)   Other: 0.2ms
[2021-05-31T19:44:43.180-0900][gc,heap       ] GC(3) Eden regions: 23->0(46)
[2021-05-31T19:44:43.180-0900][gc,heap       ] GC(3) Survivor regions: 3->5(7)
[2021-05-31T19:44:43.180-0900][gc,heap       ] GC(3) Old regions: 7->7
[2021-05-31T19:44:43.180-0900][gc,heap       ] GC(3) Humongous regions: 129->129
[2021-05-31T19:44:43.180-0900][gc,metaspace  ] GC(3) Metaspace: 34792K->34792K(1081344K)
[2021-05-31T19:44:43.180-0900][gc            ] GC(3) Pause Young (Concurrent Start) (Metadata GC Threshold) 160M->139M(1024M) 4.250ms
[2021-05-31T19:44:43.180-0900][gc,cpu        ] GC(3) User=0.03s Sys=0.00s Real=0.01s
[2021-05-31T19:44:43.180-0900][gc            ] GC(4) Concurrent Cycle
[2021-05-31T19:44:43.180-0900][gc,marking    ] GC(4) Concurrent Clear Claimed Marks
[2021-05-31T19:44:43.180-0900][gc,marking    ] GC(4) Concurrent Clear Claimed Marks 0.075ms
[2021-05-31T19:44:43.180-0900][gc,marking    ] GC(4) Concurrent Scan Root Regions
[2021-05-31T19:44:43.182-0900][gc,marking    ] GC(4) Concurrent Scan Root Regions 1.689ms
[2021-05-31T19:44:43.182-0900][gc,marking    ] GC(4) Concurrent Mark (7.754s)
[2021-05-31T19:44:43.182-0900][gc,marking    ] GC(4) Concurrent Mark From Roots
[2021-05-31T19:44:43.182-0900][gc,task       ] GC(4) Using 2 workers of 2 for marking
[2021-05-31T19:44:43.186-0900][gc,marking    ] GC(4) Concurrent Mark From Roots 4.169ms
[2021-05-31T19:44:43.186-0900][gc,marking    ] GC(4) Concurrent Preclean
[2021-05-31T19:44:43.186-0900][gc,marking    ] GC(4) Concurrent Preclean 0.082ms
[2021-05-31T19:44:43.186-0900][gc,marking    ] GC(4) Concurrent Mark (7.754s, 7.759s) 4.306ms
[2021-05-31T19:44:43.186-0900][gc,start      ] GC(4) Pause Remark
[2021-05-31T19:44:43.189-0900][gc,stringtable] GC(4) Cleaned string and symbol table, strings: 11698 processed, 9 removed, symbols: 94570 processed, 29 removed
[2021-05-31T19:44:43.189-0900][gc            ] GC(4) Pause Remark 140M->140M(1024M) 2.614ms
[2021-05-31T19:44:43.189-0900][gc,cpu        ] GC(4) User=0.01s Sys=0.00s Real=0.00s
[2021-05-31T19:44:43.189-0900][gc,marking    ] GC(4) Concurrent Rebuild Remembered Sets
[2021-05-31T19:44:43.192-0900][gc,marking    ] GC(4) Concurrent Rebuild Remembered Sets 2.572ms
[2021-05-31T19:44:43.192-0900][gc,start      ] GC(4) Pause Cleanup
[2021-05-31T19:44:43.192-0900][gc            ] GC(4) Pause Cleanup 140M->140M(1024M) 0.180ms
[2021-05-31T19:44:43.192-0900][gc,cpu        ] GC(4) User=0.00s Sys=0.00s Real=0.00s
[2021-05-31T19:44:43.192-0900][gc,marking    ] GC(4) Concurrent Cleanup for Next Mark
[2021-05-31T19:44:43.199-0900][gc,marking    ] GC(4) Concurrent Cleanup for Next Mark 6.369ms
[2021-05-31T19:44:43.199-0900][gc            ] GC(4) Concurrent Cycle 18.666ms
[2021-05-31T19:45:00.941-0900][gc,start      ] GC(5) Pause Young (Normal) (G1 Evacuation Pause)
[2021-05-31T19:45:00.942-0900][gc,task       ] GC(5) Using 8 workers of 8 for evacuation
[2021-05-31T19:45:00.949-0900][gc,phases     ] GC(5)   Pre Evacuate Collection Set: 0.1ms
[2021-05-31T19:45:00.950-0900][gc,phases     ] GC(5)   Evacuate Collection Set: 6.9ms
[2021-05-31T19:45:00.950-0900][gc,phases     ] GC(5)   Post Evacuate Collection Set: 0.4ms
[2021-05-31T19:45:00.950-0900][gc,phases     ] GC(5)   Other: 0.9ms
[2021-05-31T19:45:00.950-0900][gc,heap       ] GC(5) Eden regions: 46->0(46)
[2021-05-31T19:45:00.950-0900][gc,heap       ] GC(5) Survivor regions: 5->5(7)
[2021-05-31T19:45:00.950-0900][gc,heap       ] GC(5) Old regions: 7->9
[2021-05-31T19:45:00.950-0900][gc,heap       ] GC(5) Humongous regions: 129->129
[2021-05-31T19:45:00.950-0900][gc,metaspace  ] GC(5) Metaspace: 43771K->43771K(1089536K)
[2021-05-31T19:45:00.950-0900][gc            ] GC(5) Pause Young (Normal) (G1 Evacuation Pause) 185M->142M(1024M) 8.437ms
[2021-05-31T19:45:00.950-0900][gc,cpu        ] GC(5) User=0.04s Sys=0.01s Real=0.01s
[2021-05-31T19:45:06.349-0900][gc,start      ] GC(6) Pause Young (Normal) (G1 Evacuation Pause)
[2021-05-31T19:45:06.349-0900][gc,task       ] GC(6) Using 8 workers of 8 for evacuation
[2021-05-31T19:45:06.358-0900][gc,phases     ] GC(6)   Pre Evacuate Collection Set: 0.0ms
[2021-05-31T19:45:06.358-0900][gc,phases     ] GC(6)   Evacuate Collection Set: 8.7ms
[2021-05-31T19:45:06.359-0900][gc,phases     ] GC(6)   Post Evacuate Collection Set: 0.6ms
[2021-05-31T19:45:06.359-0900][gc,phases     ] GC(6)   Other: 0.3ms
[2021-05-31T19:45:06.359-0900][gc,heap       ] GC(6) Eden regions: 46->0(44)
[2021-05-31T19:45:06.359-0900][gc,heap       ] GC(6) Survivor regions: 5->7(7)
[2021-05-31T19:45:06.359-0900][gc,heap       ] GC(6) Old regions: 9->11
[2021-05-31T19:45:06.359-0900][gc,heap       ] GC(6) Humongous regions: 129->129
[2021-05-31T19:45:06.359-0900][gc,metaspace  ] GC(6) Metaspace: 48865K->48865K(1093632K)
[2021-05-31T19:45:06.359-0900][gc            ] GC(6) Pause Young (Normal) (G1 Evacuation Pause) 188M->145M(1024M) 9.804ms
[2021-05-31T19:45:06.359-0900][gc,cpu        ] GC(6) User=0.06s Sys=0.00s Real=0.01s
[2021-05-31T19:48:15.847-0900][gc,start      ] GC(7) Pause Young (Normal) (G1 Evacuation Pause)
[2021-05-31T19:48:15.849-0900][gc,task       ] GC(7) Using 8 workers of 8 for evacuation
[2021-05-31T19:48:15.857-0900][gc,phases     ] GC(7)   Pre Evacuate Collection Set: 0.0ms
[2021-05-31T19:48:15.857-0900][gc,phases     ] GC(7)   Evacuate Collection Set: 7.6ms
[2021-05-31T19:48:15.857-0900][gc,phases     ] GC(7)   Post Evacuate Collection Set: 0.6ms
[2021-05-31T19:48:15.857-0900][gc,phases     ] GC(7)   Other: 1.6ms
[2021-05-31T19:48:15.857-0900][gc,heap       ] GC(7) Eden regions: 44->0(46)
[2021-05-31T19:48:15.857-0900][gc,heap       ] GC(7) Survivor regions: 7->5(7)
[2021-05-31T19:48:15.858-0900][gc,heap       ] GC(7) Old regions: 11->14
[2021-05-31T19:48:15.858-0900][gc,heap       ] GC(7) Humongous regions: 129->129
[2021-05-31T19:48:15.858-0900][gc,metaspace  ] GC(7) Metaspace: 50075K->50075K(1095680K)
[2021-05-31T19:48:15.858-0900][gc            ] GC(7) Pause Young (Normal) (G1 Evacuation Pause) 189M->147M(1024M) 10.100ms
[2021-05-31T19:48:15.858-0900][gc,cpu        ] GC(7) User=0.05s Sys=0.00s Real=0.01s
[2021-05-31T19:52:04.762-0900][gc,start      ] GC(8) Pause Young (Normal) (G1 Evacuation Pause)
[2021-05-31T19:52:04.763-0900][gc,task       ] GC(8) Using 8 workers of 8 for evacuation
[2021-05-31T19:52:04.769-0900][gc,phases     ] GC(8)   Pre Evacuate Collection Set: 0.0ms
[2021-05-31T19:52:04.769-0900][gc,phases     ] GC(8)   Evacuate Collection Set: 5.7ms
[2021-05-31T19:52:04.769-0900][gc,phases     ] GC(8)   Post Evacuate Collection Set: 0.4ms
[2021-05-31T19:52:04.769-0900][gc,phases     ] GC(8)   Other: 0.7ms
[2021-05-31T19:52:04.769-0900][gc,heap       ] GC(8) Eden regions: 46->0(47)
[2021-05-31T19:52:04.769-0900][gc,heap       ] GC(8) Survivor regions: 5->4(7)
[2021-05-31T19:52:04.769-0900][gc,heap       ] GC(8) Old regions: 14->17
[2021-05-31T19:52:04.769-0900][gc,heap       ] GC(8) Humongous regions: 129->129
[2021-05-31T19:52:04.769-0900][gc,metaspace  ] GC(8) Metaspace: 50134K->50134K(1095680K)
[2021-05-31T19:52:04.769-0900][gc            ] GC(8) Pause Young (Normal) (G1 Evacuation Pause) 193M->148M(1024M) 6.974ms
[2021-05-31T19:52:04.769-0900][gc,cpu        ] GC(8) User=0.03s Sys=0.00s Real=0.00s
[2021-05-31T19:56:09.423-0900][gc,start      ] GC(9) Pause Young (Normal) (G1 Evacuation Pause)
[2021-05-31T19:56:09.424-0900][gc,task       ] GC(9) Using 8 workers of 8 for evacuation
[2021-05-31T19:56:09.432-0900][gc,phases     ] GC(9)   Pre Evacuate Collection Set: 0.0ms
[2021-05-31T19:56:09.432-0900][gc,phases     ] GC(9)   Evacuate Collection Set: 7.1ms
[2021-05-31T19:56:09.432-0900][gc,phases     ] GC(9)   Post Evacuate Collection Set: 0.4ms
[2021-05-31T19:56:09.432-0900][gc,phases     ] GC(9)   Other: 1.3ms
[2021-05-31T19:56:09.432-0900][gc,heap       ] GC(9) Eden regions: 47->0(68)
[2021-05-31T19:56:09.432-0900][gc,heap       ] GC(9) Survivor regions: 4->5(7)
[2021-05-31T19:56:09.432-0900][gc,heap       ] GC(9) Old regions: 17->17
[2021-05-31T19:56:09.432-0900][gc,heap       ] GC(9) Humongous regions: 129->129
[2021-05-31T19:56:09.432-0900][gc,metaspace  ] GC(9) Metaspace: 50213K->50213K(1095680K)
[2021-05-31T19:56:09.432-0900][gc            ] GC(9) Pause Young (Normal) (G1 Evacuation Pause) 195M->149M(1024M) 9.069ms
[2021-05-31T19:56:09.433-0900][gc,cpu        ] GC(9) User=0.05s Sys=0.00s Real=0.01s
[2021-05-31T19:57:12.609-0900][gc,heap,exit  ] Heap
[2021-05-31T19:57:12.609-0900][gc,heap,exit  ]  garbage-first heap   total 1048576K, used 174821K [0x00000007c0000000, 0x0000000800000000)
[2021-05-31T19:57:12.609-0900][gc,heap,exit  ]   region size 1024K, 27 young (27648K), 5 survivors (5120K)
[2021-05-31T19:57:12.609-0900][gc,heap,exit  ]  Metaspace       used 51117K, capacity 53877K, committed 54216K, reserved 1095680K
[2021-05-31T19:57:12.610-0900][gc,heap,exit  ]   class space    used 6470K, capacity 7838K, committed 7960K, reserved 1048576K
