[2021-05-30T13:39:30.596-0900][gc,heap] Heap region size: 1M
[2021-05-30T13:39:30.601-0900][gc     ] Using G1
[2021-05-30T13:39:30.601-0900][gc,heap,coops] Heap address: 0x00000007e0000000, size: 512 MB, Compressed Oops mode: Zero based, Oop shift amount: 3
[2021-05-30T13:40:00.807-0900][gc,start     ] GC(0) Pause Young (Normal) (G1 Evacuation Pause)
[2021-05-30T13:40:00.807-0900][gc,task      ] GC(0) Using 8 workers of 8 for evacuation
[2021-05-30T13:40:00.812-0900][gc,phases    ] GC(0)   Pre Evacuate Collection Set: 0.0ms
[2021-05-30T13:40:00.812-0900][gc,phases    ] GC(0)   Evacuate Collection Set: 4.1ms
[2021-05-30T13:40:00.812-0900][gc,phases    ] GC(0)   Post Evacuate Collection Set: 0.3ms
[2021-05-30T13:40:00.812-0900][gc,phases    ] GC(0)   Other: 0.9ms
[2021-05-30T13:40:00.812-0900][gc,heap      ] GC(0) Eden regions: 25->0(21)
[2021-05-30T13:40:00.812-0900][gc,heap      ] GC(0) Survivor regions: 0->4(4)
[2021-05-30T13:40:00.812-0900][gc,heap      ] GC(0) Old regions: 0->2
[2021-05-30T13:40:00.812-0900][gc,heap      ] GC(0) Humongous regions: 0->0
[2021-05-30T13:40:00.812-0900][gc,metaspace ] GC(0) Metaspace: 15227K->15227K(1062912K)
[2021-05-30T13:40:00.812-0900][gc           ] GC(0) Pause Young (Normal) (G1 Evacuation Pause) 25M->5M(512M) 5.607ms
[2021-05-30T13:40:00.812-0900][gc,cpu       ] GC(0) User=0.02s Sys=0.00s Real=0.01s
